// Jest Snapshot v1, https://goo.gl/fbAQLP

exports[`Test:Avatar render correctly 1`] = `
<View
  style={
    Array [
      Object {
        "alignItems": "center",
        "justifyContent": "center",
      },
      Object {
        "borderRadius": 6.8625,
        "height": 13.725,
        "width": 22.5,
      },
      Object {
        "backgroundColor": "#fc4840",
      },
    ]
  }
>
  <Text
    style={
      Object {
        "color": "#fff",
        "fontSize": 12,
      }
    }
  >
    10
  </Text>
</View>
`;
